success: true
exit_code: 0
----- stdout -----
Compare modules by an attribute across multiple Terraform sources.

This reads module blocks from the specified sources and compares a given attribute
(like 'source' or 'version') across them. Can be useful for ensuring consistency
across environments.

Example tflens.yml:
---
# tflens.yml

compareModules:
  # Define one or more named comparisons.
  comparisons:
    - name: apps
      # The module attribute to compare, such as source or version.
      attributeKey: source
      # Compare at least two .tf files. Paths are relative to the current directory.
      sources:
        - path: environments/dev/virginia/apps/main.tf
          # This label appears in the comparison output.
          label: dev
        - path: environments/prod/virginia/apps/main.tf
          label: prod-us
        - path: environments/prod/frankfurt/apps/main.tf
          label: prod-eu

  # Optional. Extract version numbers instead of comparing the full attribute.
  # Applies to all comparisons unless overridden by a comparison.
  # Uses the first capture group; falls back to the full value if there is no match.
  valueRegex: 'v?(\d+\.\d+\.\d+)'
---

$ tflens compare-modules apps

module      dev       prod-us    prod-eu    in-sync
module_a    1.0.24    1.0.24     1.0.24     ✓
module_b    0.2.0     0.2.0      -          ✗
module_c    1.1.1     1.1.1      1.1.0      ✗

Usage:
  tflens compare-modules <COMPARISON> [flags]

Flags:
  -c, --config-path string       path to tflens' configuration file (default "tflens.yml")
  -h, --help                     help for compare-modules
      --html-output string       path where the HTML report should be written (default "tflens-report.html")
      --html-template string     path to a custom HTML template (optional)
      --html-title string        title for the HTML report (default "report")
  -i, --ignore-missing-modules   to not have the absence of a module lead to an out-of-sync status
  -d, --include-diffs            include diffs between versions in report (requires diffConfig in tflens' config)
  -o, --output-format string     output format for results; allowed values: [stdout html] (default "stdout")
      --stdout-plain             do not use colors in stdout output

----- stderr -----

